2026-04-23 10:33:50,015:WARNING:
'cuml' is a soft dependency and not included in the pycaret installation. Please run: `pip install cuml` to install.
2026-04-23 10:33:50,015:WARNING:
'cuml' is a soft dependency and not included in the pycaret installation. Please run: `pip install cuml` to install.
2026-04-23 10:33:50,015:WARNING:
'cuml' is a soft dependency and not included in the pycaret installation. Please run: `pip install cuml` to install.
2026-04-23 10:33:50,015:WARNING:
'cuml' is a soft dependency and not included in the pycaret installation. Please run: `pip install cuml` to install.
2026-04-23 10:54:29,808:WARNING:
'cuml' is a soft dependency and not included in the pycaret installation. Please run: `pip install cuml` to install.
2026-04-23 10:54:29,808:WARNING:
'cuml' is a soft dependency and not included in the pycaret installation. Please run: `pip install cuml` to install.
2026-04-23 10:54:29,808:WARNING:
'cuml' is a soft dependency and not included in the pycaret installation. Please run: `pip install cuml` to install.
2026-04-23 10:54:29,808:WARNING:
'cuml' is a soft dependency and not included in the pycaret installation. Please run: `pip install cuml` to install.
2026-04-23 10:55:39,591:WARNING:
'cuml' is a soft dependency and not included in the pycaret installation. Please run: `pip install cuml` to install.
2026-04-23 10:55:39,591:WARNING:
'cuml' is a soft dependency and not included in the pycaret installation. Please run: `pip install cuml` to install.
2026-04-23 10:55:39,591:WARNING:
'cuml' is a soft dependency and not included in the pycaret installation. Please run: `pip install cuml` to install.
2026-04-23 10:55:39,591:WARNING:
'cuml' is a soft dependency and not included in the pycaret installation. Please run: `pip install cuml` to install.
2026-04-23 10:56:54,853:WARNING:
'cuml' is a soft dependency and not included in the pycaret installation. Please run: `pip install cuml` to install.
2026-04-23 10:56:54,853:WARNING:
'cuml' is a soft dependency and not included in the pycaret installation. Please run: `pip install cuml` to install.
2026-04-23 10:56:54,853:WARNING:
'cuml' is a soft dependency and not included in the pycaret installation. Please run: `pip install cuml` to install.
2026-04-23 10:56:54,853:WARNING:
'cuml' is a soft dependency and not included in the pycaret installation. Please run: `pip install cuml` to install.
2026-04-23 10:58:15,377:INFO:PyCaret RegressionExperiment
2026-04-23 10:58:15,377:INFO:Logging name: reg-default-name
2026-04-23 10:58:15,377:INFO:ML Usecase: MLUsecase.REGRESSION
2026-04-23 10:58:15,377:INFO:version 3.3.2
2026-04-23 10:58:15,377:INFO:Initializing setup()
2026-04-23 10:58:15,377:INFO:self.USI: e097
2026-04-23 10:58:15,377:INFO:self._variable_keys: {'n_jobs_param', 'X', 'data', 'X_train', 'fold_shuffle_param', 'html_param', 'exp_name_log', 'logging_param', 'y', 'target_param', 'pipeline', 'y_test', '_ml_usecase', 'seed', 'gpu_param', 'exp_id', 'gpu_n_jobs_param', 'memory', 'y_train', 'fold_generator', 'log_plots_param', 'X_test', 'fold_groups_param', 'transform_target_param', 'idx', '_available_plots', 'USI'}
2026-04-23 10:58:15,377:INFO:Checking environment
2026-04-23 10:58:15,377:INFO:python_version: 3.10.0
2026-04-23 10:58:15,377:INFO:python_build: ('tags/v3.10.0:b494f59', 'Oct  4 2021 19:00:18')
2026-04-23 10:58:15,377:INFO:machine: AMD64
2026-04-23 10:58:15,377:INFO:platform: Windows-10-10.0.26200-SP0
2026-04-23 10:58:15,377:INFO:Memory: svmem(total=34081443840, available=19799347200, percent=41.9, used=14282096640, free=19799347200)
2026-04-23 10:58:15,377:INFO:Physical Core: 24
2026-04-23 10:58:15,377:INFO:Logical Core: 32
2026-04-23 10:58:15,377:INFO:Checking libraries
2026-04-23 10:58:15,377:INFO:System:
2026-04-23 10:58:15,377:INFO:    python: 3.10.0 (tags/v3.10.0:b494f59, Oct  4 2021, 19:00:18) [MSC v.1929 64 bit (AMD64)]
2026-04-23 10:58:15,377:INFO:executable: c:\Users\Claudio\AppData\Local\Programs\Python\Python310\python.exe
2026-04-23 10:58:15,377:INFO:   machine: Windows-10-10.0.26200-SP0
2026-04-23 10:58:15,377:INFO:PyCaret required dependencies:
2026-04-23 10:58:15,443:INFO:                 pip: 26.0.1
2026-04-23 10:58:15,443:INFO:          setuptools: 57.4.0
2026-04-23 10:58:15,443:INFO:             pycaret: 3.3.2
2026-04-23 10:58:15,443:INFO:             IPython: 8.39.0
2026-04-23 10:58:15,443:INFO:          ipywidgets: 8.1.8
2026-04-23 10:58:15,443:INFO:                tqdm: 4.67.3
2026-04-23 10:58:15,443:INFO:               numpy: 1.23.5
2026-04-23 10:58:15,443:INFO:              pandas: 1.5.3
2026-04-23 10:58:15,443:INFO:              jinja2: 3.1.6
2026-04-23 10:58:15,443:INFO:               scipy: 1.10.1
2026-04-23 10:58:15,443:INFO:              joblib: 1.5.3
2026-04-23 10:58:15,443:INFO:             sklearn: 1.4.2
2026-04-23 10:58:15,443:INFO:                pyod: 3.2.1
2026-04-23 10:58:15,443:INFO:            imblearn: 0.12.4
2026-04-23 10:58:15,443:INFO:   category_encoders: 2.7.0
2026-04-23 10:58:15,443:INFO:            lightgbm: 4.6.0
2026-04-23 10:58:15,443:INFO:               numba: 0.65.0
2026-04-23 10:58:15,443:INFO:            requests: 2.33.1
2026-04-23 10:58:15,443:INFO:          matplotlib: 3.7.5
2026-04-23 10:58:15,443:INFO:          scikitplot: 0.3.7
2026-04-23 10:58:15,443:INFO:         yellowbrick: 1.5
2026-04-23 10:58:15,443:INFO:              plotly: 6.7.0
2026-04-23 10:58:15,444:INFO:    plotly-resampler: Not installed
2026-04-23 10:58:15,444:INFO:             kaleido: 1.2.0
2026-04-23 10:58:15,444:INFO:           schemdraw: 0.15
2026-04-23 10:58:15,444:INFO:         statsmodels: 0.14.6
2026-04-23 10:58:15,444:INFO:              sktime: 0.26.0
2026-04-23 10:58:15,444:INFO:               tbats: 1.1.3
2026-04-23 10:58:15,444:INFO:            pmdarima: 2.0.4
2026-04-23 10:58:15,444:INFO:              psutil: 7.2.2
2026-04-23 10:58:15,444:INFO:          markupsafe: 3.0.3
2026-04-23 10:58:15,444:INFO:             pickle5: Not installed
2026-04-23 10:58:15,444:INFO:         cloudpickle: 3.1.2
2026-04-23 10:58:15,444:INFO:         deprecation: 2.1.0
2026-04-23 10:58:15,444:INFO:              xxhash: 3.6.0
2026-04-23 10:58:15,444:INFO:           wurlitzer: Not installed
2026-04-23 10:58:15,444:INFO:PyCaret optional dependencies:
2026-04-23 10:58:15,448:INFO:                shap: Not installed
2026-04-23 10:58:15,448:INFO:           interpret: Not installed
2026-04-23 10:58:15,448:INFO:                umap: Not installed
2026-04-23 10:58:15,448:INFO:     ydata_profiling: Not installed
2026-04-23 10:58:15,448:INFO:  explainerdashboard: Not installed
2026-04-23 10:58:15,448:INFO:             autoviz: Not installed
2026-04-23 10:58:15,448:INFO:           fairlearn: Not installed
2026-04-23 10:58:15,448:INFO:          deepchecks: Not installed
2026-04-23 10:58:15,448:INFO:             xgboost: Not installed
2026-04-23 10:58:15,448:INFO:            catboost: Not installed
2026-04-23 10:58:15,448:INFO:              kmodes: Not installed
2026-04-23 10:58:15,448:INFO:             mlxtend: Not installed
2026-04-23 10:58:15,448:INFO:       statsforecast: Not installed
2026-04-23 10:58:15,448:INFO:        tune_sklearn: Not installed
2026-04-23 10:58:15,448:INFO:                 ray: Not installed
2026-04-23 10:58:15,448:INFO:            hyperopt: Not installed
2026-04-23 10:58:15,448:INFO:              optuna: Not installed
2026-04-23 10:58:15,448:INFO:               skopt: Not installed
2026-04-23 10:58:15,448:INFO:              mlflow: Not installed
2026-04-23 10:58:15,448:INFO:              gradio: Not installed
2026-04-23 10:58:15,448:INFO:             fastapi: Not installed
2026-04-23 10:58:15,448:INFO:             uvicorn: Not installed
2026-04-23 10:58:15,448:INFO:              m2cgen: Not installed
2026-04-23 10:58:15,448:INFO:           evidently: Not installed
2026-04-23 10:58:15,448:INFO:               fugue: Not installed
2026-04-23 10:58:15,448:INFO:           streamlit: Not installed
2026-04-23 10:58:15,448:INFO:             prophet: Not installed
2026-04-23 10:58:15,448:INFO:None
2026-04-23 10:58:15,448:INFO:Set up data.
2026-04-23 10:58:15,451:INFO:Set up folding strategy.
2026-04-23 10:58:15,451:INFO:Set up train/test split.
2026-04-23 10:58:15,452:INFO:Set up index.
2026-04-23 10:58:15,452:INFO:Assigning column types.
2026-04-23 10:58:15,452:INFO:Engine successfully changes for model 'lr' to 'sklearn'.
2026-04-23 10:58:15,452:INFO:Engine for model 'lasso' has not been set explicitly, hence returning None.
2026-04-23 10:58:15,456:INFO:Engine for model 'ridge' has not been set explicitly, hence returning None.
2026-04-23 10:58:15,459:INFO:Engine for model 'en' has not been set explicitly, hence returning None.
2026-04-23 10:58:15,487:INFO:Engine for model 'svm' has not been set explicitly, hence returning None.
2026-04-23 10:58:15,506:INFO:Engine for model 'knn' has not been set explicitly, hence returning None.
2026-04-23 10:58:15,506:WARNING:
'xgboost' is a soft dependency and not included in the pycaret installation. Please run: `pip install xgboost` to install.
Alternately, you can install this by running `pip install pycaret[models]`
2026-04-23 10:58:15,506:WARNING:
'catboost' is a soft dependency and not included in the pycaret installation. Please run: `pip install catboost` to install.
Alternately, you can install this by running `pip install pycaret[models]`
2026-04-23 10:58:15,506:INFO:Engine for model 'lasso' has not been set explicitly, hence returning None.
2026-04-23 10:58:15,510:INFO:Engine for model 'ridge' has not been set explicitly, hence returning None.
2026-04-23 10:58:15,512:INFO:Engine for model 'en' has not been set explicitly, hence returning None.
2026-04-23 10:58:15,539:INFO:Engine for model 'svm' has not been set explicitly, hence returning None.
2026-04-23 10:58:15,560:INFO:Engine for model 'knn' has not been set explicitly, hence returning None.
2026-04-23 10:58:15,560:WARNING:
'xgboost' is a soft dependency and not included in the pycaret installation. Please run: `pip install xgboost` to install.
Alternately, you can install this by running `pip install pycaret[models]`
2026-04-23 10:58:15,560:WARNING:
'catboost' is a soft dependency and not included in the pycaret installation. Please run: `pip install catboost` to install.
Alternately, you can install this by running `pip install pycaret[models]`
2026-04-23 10:58:15,560:INFO:Engine successfully changes for model 'lasso' to 'sklearn'.
2026-04-23 10:58:15,565:INFO:Engine for model 'ridge' has not been set explicitly, hence returning None.
2026-04-23 10:58:15,565:INFO:Engine for model 'en' has not been set explicitly, hence returning None.
2026-04-23 10:58:15,594:INFO:Engine for model 'svm' has not been set explicitly, hence returning None.
2026-04-23 10:58:15,615:INFO:Engine for model 'knn' has not been set explicitly, hence returning None.
2026-04-23 10:58:15,615:WARNING:
'xgboost' is a soft dependency and not included in the pycaret installation. Please run: `pip install xgboost` to install.
Alternately, you can install this by running `pip install pycaret[models]`
2026-04-23 10:58:15,615:WARNING:
'catboost' is a soft dependency and not included in the pycaret installation. Please run: `pip install catboost` to install.
Alternately, you can install this by running `pip install pycaret[models]`
2026-04-23 10:58:15,616:INFO:Engine for model 'ridge' has not been set explicitly, hence returning None.
2026-04-23 10:58:15,618:INFO:Engine for model 'en' has not been set explicitly, hence returning None.
2026-04-23 10:58:15,647:INFO:Engine for model 'svm' has not been set explicitly, hence returning None.
2026-04-23 10:58:15,669:INFO:Engine for model 'knn' has not been set explicitly, hence returning None.
2026-04-23 10:58:15,669:WARNING:
'xgboost' is a soft dependency and not included in the pycaret installation. Please run: `pip install xgboost` to install.
Alternately, you can install this by running `pip install pycaret[models]`
2026-04-23 10:58:15,669:WARNING:
'catboost' is a soft dependency and not included in the pycaret installation. Please run: `pip install catboost` to install.
Alternately, you can install this by running `pip install pycaret[models]`
2026-04-23 10:58:15,670:INFO:Engine successfully changes for model 'ridge' to 'sklearn'.
2026-04-23 10:58:15,672:INFO:Engine for model 'en' has not been set explicitly, hence returning None.
2026-04-23 10:58:15,702:INFO:Engine for model 'svm' has not been set explicitly, hence returning None.
2026-04-23 10:58:15,732:INFO:Engine for model 'knn' has not been set explicitly, hence returning None.
2026-04-23 10:58:15,732:WARNING:
'xgboost' is a soft dependency and not included in the pycaret installation. Please run: `pip install xgboost` to install.
Alternately, you can install this by running `pip install pycaret[models]`
2026-04-23 10:58:15,732:WARNING:
'catboost' is a soft dependency and not included in the pycaret installation. Please run: `pip install catboost` to install.
Alternately, you can install this by running `pip install pycaret[models]`
2026-04-23 10:58:15,736:INFO:Engine for model 'en' has not been set explicitly, hence returning None.
2026-04-23 10:58:15,765:INFO:Engine for model 'svm' has not been set explicitly, hence returning None.
2026-04-23 10:58:15,786:INFO:Engine for model 'knn' has not been set explicitly, hence returning None.
2026-04-23 10:58:15,787:WARNING:
'xgboost' is a soft dependency and not included in the pycaret installation. Please run: `pip install xgboost` to install.
Alternately, you can install this by running `pip install pycaret[models]`
2026-04-23 10:58:15,787:WARNING:
'catboost' is a soft dependency and not included in the pycaret installation. Please run: `pip install catboost` to install.
Alternately, you can install this by running `pip install pycaret[models]`
2026-04-23 10:58:15,787:INFO:Engine successfully changes for model 'en' to 'sklearn'.
2026-04-23 10:58:15,818:INFO:Engine for model 'svm' has not been set explicitly, hence returning None.
2026-04-23 10:58:15,839:INFO:Engine for model 'knn' has not been set explicitly, hence returning None.
2026-04-23 10:58:15,839:WARNING:
'xgboost' is a soft dependency and not included in the pycaret installation. Please run: `pip install xgboost` to install.
Alternately, you can install this by running `pip install pycaret[models]`
2026-04-23 10:58:15,839:WARNING:
'catboost' is a soft dependency and not included in the pycaret installation. Please run: `pip install catboost` to install.
Alternately, you can install this by running `pip install pycaret[models]`
2026-04-23 10:58:15,871:INFO:Engine for model 'svm' has not been set explicitly, hence returning None.
2026-04-23 10:58:15,892:INFO:Engine for model 'knn' has not been set explicitly, hence returning None.
2026-04-23 10:58:15,893:WARNING:
'xgboost' is a soft dependency and not included in the pycaret installation. Please run: `pip install xgboost` to install.
Alternately, you can install this by running `pip install pycaret[models]`
2026-04-23 10:58:15,893:WARNING:
'catboost' is a soft dependency and not included in the pycaret installation. Please run: `pip install catboost` to install.
Alternately, you can install this by running `pip install pycaret[models]`
2026-04-23 10:58:15,893:INFO:Engine successfully changes for model 'knn' to 'sklearn'.
2026-04-23 10:58:15,923:INFO:Engine for model 'svm' has not been set explicitly, hence returning None.
2026-04-23 10:58:15,944:WARNING:
'xgboost' is a soft dependency and not included in the pycaret installation. Please run: `pip install xgboost` to install.
Alternately, you can install this by running `pip install pycaret[models]`
2026-04-23 10:58:15,944:WARNING:
'catboost' is a soft dependency and not included in the pycaret installation. Please run: `pip install catboost` to install.
Alternately, you can install this by running `pip install pycaret[models]`
2026-04-23 10:58:15,979:INFO:Engine for model 'svm' has not been set explicitly, hence returning None.
2026-04-23 10:58:16,002:WARNING:
'xgboost' is a soft dependency and not included in the pycaret installation. Please run: `pip install xgboost` to install.
Alternately, you can install this by running `pip install pycaret[models]`
2026-04-23 10:58:16,002:WARNING:
'catboost' is a soft dependency and not included in the pycaret installation. Please run: `pip install catboost` to install.
Alternately, you can install this by running `pip install pycaret[models]`
2026-04-23 10:58:16,002:INFO:Engine successfully changes for model 'svm' to 'sklearn'.
2026-04-23 10:58:16,058:WARNING:
'xgboost' is a soft dependency and not included in the pycaret installation. Please run: `pip install xgboost` to install.
Alternately, you can install this by running `pip install pycaret[models]`
2026-04-23 10:58:16,058:WARNING:
'catboost' is a soft dependency and not included in the pycaret installation. Please run: `pip install catboost` to install.
Alternately, you can install this by running `pip install pycaret[models]`
2026-04-23 10:58:16,114:WARNING:
'xgboost' is a soft dependency and not included in the pycaret installation. Please run: `pip install xgboost` to install.
Alternately, you can install this by running `pip install pycaret[models]`
2026-04-23 10:58:16,114:WARNING:
'catboost' is a soft dependency and not included in the pycaret installation. Please run: `pip install catboost` to install.
Alternately, you can install this by running `pip install pycaret[models]`
2026-04-23 10:58:16,118:INFO:Preparing preprocessing pipeline...
2026-04-23 10:58:16,118:INFO:Set up simple imputation.
2026-04-23 10:58:16,119:INFO:Set up column name cleaning.
2026-04-23 10:58:16,133:INFO:Finished creating preprocessing pipeline.
2026-04-23 10:58:16,135:INFO:Pipeline: Pipeline(memory=FastMemory(location=C:\Users\Claudio\AppData\Local\Temp\joblib),
         steps=[('numerical_imputer',
                 TransformerWrapper(include=['Max. Voltage Dischar. (V)',
                                             'Min. Voltage Charg. (V)',
                                             'Time at 4.15V (s)'],
                                    transformer=SimpleImputer())),
                ('categorical_imputer',
                 TransformerWrapper(include=[],
                                    transformer=SimpleImputer(strategy='most_frequent'))),
                ('clean_column_names',
                 TransformerWrapper(transformer=CleanColumnNames()))])
2026-04-23 10:58:16,135:INFO:Creating final display dataframe.
2026-04-23 10:58:16,168:INFO:Setup _display_container:                     Description             Value
0                    Session id                 1
1                        Target               RUL
2                   Target type        Regression
3           Original data shape        (15064, 4)
4        Transformed data shape        (15064, 4)
5   Transformed train set shape        (10544, 4)
6    Transformed test set shape         (4520, 4)
7              Numeric features                 3
8                    Preprocess              True
9               Imputation type            simple
10           Numeric imputation              mean
11       Categorical imputation              mode
12               Fold Generator             KFold
13                  Fold Number                10
14                     CPU Jobs                -1
15                      Use GPU             False
16               Log Experiment             False
17              Experiment Name  reg-default-name
18                          USI              e097
2026-04-23 10:58:16,231:WARNING:
'xgboost' is a soft dependency and not included in the pycaret installation. Please run: `pip install xgboost` to install.
Alternately, you can install this by running `pip install pycaret[models]`
2026-04-23 10:58:16,231:WARNING:
'catboost' is a soft dependency and not included in the pycaret installation. Please run: `pip install catboost` to install.
Alternately, you can install this by running `pip install pycaret[models]`
2026-04-23 10:58:16,285:WARNING:
'xgboost' is a soft dependency and not included in the pycaret installation. Please run: `pip install xgboost` to install.
Alternately, you can install this by running `pip install pycaret[models]`
2026-04-23 10:58:16,285:WARNING:
'catboost' is a soft dependency and not included in the pycaret installation. Please run: `pip install catboost` to install.
Alternately, you can install this by running `pip install pycaret[models]`
2026-04-23 10:58:16,285:INFO:setup() successfully completed in 0.91s...............
2026-04-23 10:58:54,937:INFO:Initializing compare_models()
2026-04-23 10:58:54,937:INFO:compare_models(self=<pycaret.regression.oop.RegressionExperiment object at 0x00000266B68BE8F0>, include=None, fold=None, round=4, cross_validation=True, sort=R2, n_select=1, budget_time=None, turbo=True, errors=ignore, fit_kwargs=None, groups=None, experiment_custom_tags=None, probability_threshold=None, verbose=True, parallel=None, caller_params={'self': <pycaret.regression.oop.RegressionExperiment object at 0x00000266B68BE8F0>, 'include': None, 'exclude': None, 'fold': None, 'round': 4, 'cross_validation': True, 'sort': 'R2', 'n_select': 1, 'budget_time': None, 'turbo': True, 'errors': 'ignore', 'fit_kwargs': None, 'groups': None, 'experiment_custom_tags': None, 'engine': None, 'verbose': True, 'parallel': None, '__class__': <class 'pycaret.regression.oop.RegressionExperiment'>}, exclude=None)
2026-04-23 10:58:54,937:INFO:Checking exceptions
2026-04-23 10:58:54,938:INFO:Preparing display monitor
2026-04-23 10:58:54,950:INFO:Initializing Linear Regression
2026-04-23 10:58:54,951:INFO:Total runtime is 7.029374440511068e-06 minutes
2026-04-23 10:58:54,953:INFO:SubProcess create_model() called ==================================
2026-04-23 10:58:54,953:INFO:Initializing create_model()
2026-04-23 10:58:54,953:INFO:create_model(self=<pycaret.regression.oop.RegressionExperiment object at 0x00000266B68BE8F0>, estimator=lr, fold=KFold(n_splits=10, random_state=None, shuffle=False), round=4, cross_validation=True, predict=True, fit_kwargs={}, groups=None, refit=False, probability_threshold=None, experiment_custom_tags=None, verbose=False, system=False, add_to_model_list=True, metrics=None, display=<pycaret.internal.display.display.CommonDisplay object at 0x00000266B459CFD0>, model_only=True, return_train_score=False, error_score=0.0, kwargs={})
2026-04-23 10:58:54,953:INFO:Checking exceptions
2026-04-23 10:58:54,953:INFO:Importing libraries
2026-04-23 10:58:54,953:INFO:Copying training dataset
2026-04-23 10:58:54,956:INFO:Defining folds
2026-04-23 10:58:54,956:INFO:Declaring metric variables
2026-04-23 10:58:54,958:INFO:Importing untrained model
2026-04-23 10:58:54,960:INFO:Linear Regression Imported successfully
2026-04-23 10:58:54,964:INFO:Starting cross validation
2026-04-23 10:58:54,968:INFO:Cross validating with KFold(n_splits=10, random_state=None, shuffle=False), n_jobs=-1
2026-04-23 10:58:56,838:INFO:Calculating mean and std
2026-04-23 10:58:56,838:INFO:Creating metrics dataframe
2026-04-23 10:58:56,842:INFO:Uploading results into container
2026-04-23 10:58:56,842:INFO:Uploading model into container now
2026-04-23 10:58:56,842:INFO:_master_model_container: 1
2026-04-23 10:58:56,842:INFO:_display_container: 2
2026-04-23 10:58:56,842:INFO:LinearRegression(n_jobs=-1)
2026-04-23 10:58:56,842:INFO:create_model() successfully completed......................................
2026-04-23 10:58:56,896:INFO:SubProcess create_model() end ==================================
2026-04-23 10:58:56,896:INFO:Creating metrics dataframe
2026-04-23 10:58:56,901:INFO:Initializing Lasso Regression
2026-04-23 10:58:56,901:INFO:Total runtime is 0.032503863175710045 minutes
2026-04-23 10:58:56,903:INFO:SubProcess create_model() called ==================================
2026-04-23 10:58:56,905:INFO:Initializing create_model()
2026-04-23 10:58:56,905:INFO:create_model(self=<pycaret.regression.oop.RegressionExperiment object at 0x00000266B68BE8F0>, estimator=lasso, fold=KFold(n_splits=10, random_state=None, shuffle=False), round=4, cross_validation=True, predict=True, fit_kwargs={}, groups=None, refit=False, probability_threshold=None, experiment_custom_tags=None, verbose=False, system=False, add_to_model_list=True, metrics=None, display=<pycaret.internal.display.display.CommonDisplay object at 0x00000266B459CFD0>, model_only=True, return_train_score=False, error_score=0.0, kwargs={})
2026-04-23 10:58:56,905:INFO:Checking exceptions
2026-04-23 10:58:56,905:INFO:Importing libraries
2026-04-23 10:58:56,905:INFO:Copying training dataset
2026-04-23 10:58:56,907:INFO:Defining folds
2026-04-23 10:58:56,908:INFO:Declaring metric variables
2026-04-23 10:58:56,909:INFO:Importing untrained model
2026-04-23 10:58:56,911:INFO:Lasso Regression Imported successfully
2026-04-23 10:58:56,916:INFO:Starting cross validation
2026-04-23 10:58:56,916:INFO:Cross validating with KFold(n_splits=10, random_state=None, shuffle=False), n_jobs=-1
2026-04-23 10:58:58,255:WARNING:c:\Users\Claudio\AppData\Local\Programs\Python\Python310\lib\site-packages\sklearn\linear_model\_coordinate_descent.py:678: ConvergenceWarning: Objective did not converge. You might want to increase the number of iterations, check the scale of the features or consider increasing regularisation. Duality gap: 8.292e+05, tolerance: 9.871e+04
  model = cd_fast.enet_coordinate_descent(

2026-04-23 10:58:58,259:WARNING:c:\Users\Claudio\AppData\Local\Programs\Python\Python310\lib\site-packages\sklearn\linear_model\_coordinate_descent.py:678: ConvergenceWarning: Objective did not converge. You might want to increase the number of iterations, check the scale of the features or consider increasing regularisation. Duality gap: 1.159e+06, tolerance: 9.881e+04
  model = cd_fast.enet_coordinate_descent(

2026-04-23 10:58:58,276:INFO:Calculating mean and std
2026-04-23 10:58:58,276:INFO:Creating metrics dataframe
2026-04-23 10:58:58,279:INFO:Uploading results into container
2026-04-23 10:58:58,280:INFO:Uploading model into container now
2026-04-23 10:58:58,280:INFO:_master_model_container: 2
2026-04-23 10:58:58,280:INFO:_display_container: 2
2026-04-23 10:58:58,280:INFO:Lasso(random_state=1)
2026-04-23 10:58:58,280:INFO:create_model() successfully completed......................................
2026-04-23 10:58:58,337:INFO:SubProcess create_model() end ==================================
2026-04-23 10:58:58,337:INFO:Creating metrics dataframe
2026-04-23 10:58:58,342:INFO:Initializing Ridge Regression
2026-04-23 10:58:58,342:INFO:Total runtime is 0.05653515259424846 minutes
2026-04-23 10:58:58,343:INFO:SubProcess create_model() called ==================================
2026-04-23 10:58:58,343:INFO:Initializing create_model()
2026-04-23 10:58:58,343:INFO:create_model(self=<pycaret.regression.oop.RegressionExperiment object at 0x00000266B68BE8F0>, estimator=ridge, fold=KFold(n_splits=10, random_state=None, shuffle=False), round=4, cross_validation=True, predict=True, fit_kwargs={}, groups=None, refit=False, probability_threshold=None, experiment_custom_tags=None, verbose=False, system=False, add_to_model_list=True, metrics=None, display=<pycaret.internal.display.display.CommonDisplay object at 0x00000266B459CFD0>, model_only=True, return_train_score=False, error_score=0.0, kwargs={})
2026-04-23 10:58:58,343:INFO:Checking exceptions
2026-04-23 10:58:58,343:INFO:Importing libraries
2026-04-23 10:58:58,343:INFO:Copying training dataset
2026-04-23 10:58:58,346:INFO:Defining folds
2026-04-23 10:58:58,346:INFO:Declaring metric variables
2026-04-23 10:58:58,348:INFO:Importing untrained model
2026-04-23 10:58:58,349:INFO:Ridge Regression Imported successfully
2026-04-23 10:58:58,353:INFO:Starting cross validation
2026-04-23 10:58:58,353:INFO:Cross validating with KFold(n_splits=10, random_state=None, shuffle=False), n_jobs=-1
2026-04-23 10:58:59,653:WARNING:c:\Users\Claudio\AppData\Local\Programs\Python\Python310\lib\site-packages\sklearn\linear_model\_ridge.py:204: LinAlgWarning: Ill-conditioned matrix (rcond=3.35854e-11): result may not be accurate.
  return linalg.solve(A, Xy, assume_a="pos", overwrite_a=True).T

2026-04-23 10:58:59,658:WARNING:c:\Users\Claudio\AppData\Local\Programs\Python\Python310\lib\site-packages\sklearn\linear_model\_ridge.py:204: LinAlgWarning: Ill-conditioned matrix (rcond=3.35156e-11): result may not be accurate.
  return linalg.solve(A, Xy, assume_a="pos", overwrite_a=True).T

2026-04-23 10:58:59,667:WARNING:c:\Users\Claudio\AppData\Local\Programs\Python\Python310\lib\site-packages\sklearn\linear_model\_ridge.py:204: LinAlgWarning: Ill-conditioned matrix (rcond=3.35184e-11): result may not be accurate.
  return linalg.solve(A, Xy, assume_a="pos", overwrite_a=True).T

2026-04-23 10:58:59,670:WARNING:c:\Users\Claudio\AppData\Local\Programs\Python\Python310\lib\site-packages\sklearn\linear_model\_ridge.py:204: LinAlgWarning: Ill-conditioned matrix (rcond=3.5615e-11): result may not be accurate.
  return linalg.solve(A, Xy, assume_a="pos", overwrite_a=True).T

2026-04-23 10:58:59,670:WARNING:c:\Users\Claudio\AppData\Local\Programs\Python\Python310\lib\site-packages\sklearn\linear_model\_ridge.py:204: LinAlgWarning: Ill-conditioned matrix (rcond=4.24663e-11): result may not be accurate.
  return linalg.solve(A, Xy, assume_a="pos", overwrite_a=True).T

2026-04-23 10:58:59,679:WARNING:c:\Users\Claudio\AppData\Local\Programs\Python\Python310\lib\site-packages\sklearn\linear_model\_ridge.py:204: LinAlgWarning: Ill-conditioned matrix (rcond=3.34567e-11): result may not be accurate.
  return linalg.solve(A, Xy, assume_a="pos", overwrite_a=True).T

2026-04-23 10:58:59,679:WARNING:c:\Users\Claudio\AppData\Local\Programs\Python\Python310\lib\site-packages\sklearn\linear_model\_ridge.py:204: LinAlgWarning: Ill-conditioned matrix (rcond=3.44915e-11): result may not be accurate.
  return linalg.solve(A, Xy, assume_a="pos", overwrite_a=True).T

2026-04-23 10:58:59,682:WARNING:c:\Users\Claudio\AppData\Local\Programs\Python\Python310\lib\site-packages\sklearn\linear_model\_ridge.py:204: LinAlgWarning: Ill-conditioned matrix (rcond=3.28283e-11): result may not be accurate.
  return linalg.solve(A, Xy, assume_a="pos", overwrite_a=True).T

2026-04-23 10:58:59,685:WARNING:c:\Users\Claudio\AppData\Local\Programs\Python\Python310\lib\site-packages\sklearn\linear_model\_ridge.py:204: LinAlgWarning: Ill-conditioned matrix (rcond=3.19e-11): result may not be accurate.
  return linalg.solve(A, Xy, assume_a="pos", overwrite_a=True).T

2026-04-23 10:58:59,709:WARNING:c:\Users\Claudio\AppData\Local\Programs\Python\Python310\lib\site-packages\sklearn\linear_model\_ridge.py:204: LinAlgWarning: Ill-conditioned matrix (rcond=3.41595e-11): result may not be accurate.
  return linalg.solve(A, Xy, assume_a="pos", overwrite_a=True).T

2026-04-23 10:58:59,726:INFO:Calculating mean and std
2026-04-23 10:58:59,727:INFO:Creating metrics dataframe
2026-04-23 10:58:59,728:INFO:Uploading results into container
2026-04-23 10:58:59,729:INFO:Uploading model into container now
2026-04-23 10:58:59,729:INFO:_master_model_container: 3
2026-04-23 10:58:59,729:INFO:_display_container: 2
2026-04-23 10:58:59,729:INFO:Ridge(random_state=1)
2026-04-23 10:58:59,731:INFO:create_model() successfully completed......................................
2026-04-23 10:58:59,779:INFO:SubProcess create_model() end ==================================
2026-04-23 10:58:59,779:INFO:Creating metrics dataframe
2026-04-23 10:58:59,786:INFO:Initializing Elastic Net
2026-04-23 10:58:59,786:INFO:Total runtime is 0.08058892091115316 minutes
2026-04-23 10:58:59,789:INFO:SubProcess create_model() called ==================================
2026-04-23 10:58:59,789:INFO:Initializing create_model()
2026-04-23 10:58:59,790:INFO:create_model(self=<pycaret.regression.oop.RegressionExperiment object at 0x00000266B68BE8F0>, estimator=en, fold=KFold(n_splits=10, random_state=None, shuffle=False), round=4, cross_validation=True, predict=True, fit_kwargs={}, groups=None, refit=False, probability_threshold=None, experiment_custom_tags=None, verbose=False, system=False, add_to_model_list=True, metrics=None, display=<pycaret.internal.display.display.CommonDisplay object at 0x00000266B459CFD0>, model_only=True, return_train_score=False, error_score=0.0, kwargs={})
2026-04-23 10:58:59,790:INFO:Checking exceptions
2026-04-23 10:58:59,790:INFO:Importing libraries
2026-04-23 10:58:59,790:INFO:Copying training dataset
2026-04-23 10:58:59,792:INFO:Defining folds
2026-04-23 10:58:59,792:INFO:Declaring metric variables
2026-04-23 10:58:59,792:INFO:Importing untrained model
2026-04-23 10:58:59,796:INFO:Elastic Net Imported successfully
2026-04-23 10:58:59,801:INFO:Starting cross validation
2026-04-23 10:58:59,802:INFO:Cross validating with KFold(n_splits=10, random_state=None, shuffle=False), n_jobs=-1
2026-04-23 10:58:59,844:WARNING:c:\Users\Claudio\AppData\Local\Programs\Python\Python310\lib\site-packages\sklearn\linear_model\_coordinate_descent.py:678: ConvergenceWarning: Objective did not converge. You might want to increase the number of iterations, check the scale of the features or consider increasing regularisation. Duality gap: 1.496e+07, tolerance: 9.881e+04
  model = cd_fast.enet_coordinate_descent(

2026-04-23 10:59:00,872:INFO:Calculating mean and std
2026-04-23 10:59:00,872:INFO:Creating metrics dataframe
2026-04-23 10:59:00,875:INFO:Uploading results into container
2026-04-23 10:59:00,875:INFO:Uploading model into container now
2026-04-23 10:59:00,875:INFO:_master_model_container: 4
2026-04-23 10:59:00,875:INFO:_display_container: 2
2026-04-23 10:59:00,875:INFO:ElasticNet(random_state=1)
2026-04-23 10:59:00,875:INFO:create_model() successfully completed......................................
2026-04-23 10:59:00,925:INFO:SubProcess create_model() end ==================================
2026-04-23 10:59:00,925:INFO:Creating metrics dataframe
2026-04-23 10:59:00,932:INFO:Initializing Least Angle Regression
2026-04-23 10:59:00,932:INFO:Total runtime is 0.09970264434814453 minutes
2026-04-23 10:59:00,933:INFO:SubProcess create_model() called ==================================
2026-04-23 10:59:00,933:INFO:Initializing create_model()
2026-04-23 10:59:00,933:INFO:create_model(self=<pycaret.regression.oop.RegressionExperiment object at 0x00000266B68BE8F0>, estimator=lar, fold=KFold(n_splits=10, random_state=None, shuffle=False), round=4, cross_validation=True, predict=True, fit_kwargs={}, groups=None, refit=False, probability_threshold=None, experiment_custom_tags=None, verbose=False, system=False, add_to_model_list=True, metrics=None, display=<pycaret.internal.display.display.CommonDisplay object at 0x00000266B459CFD0>, model_only=True, return_train_score=False, error_score=0.0, kwargs={})
2026-04-23 10:59:00,933:INFO:Checking exceptions
2026-04-23 10:59:00,933:INFO:Importing libraries
2026-04-23 10:59:00,933:INFO:Copying training dataset
2026-04-23 10:59:00,933:INFO:Defining folds
2026-04-23 10:59:00,933:INFO:Declaring metric variables
2026-04-23 10:59:00,938:INFO:Importing untrained model
2026-04-23 10:59:00,938:INFO:Least Angle Regression Imported successfully
2026-04-23 10:59:00,938:INFO:Starting cross validation
2026-04-23 10:59:00,938:INFO:Cross validating with KFold(n_splits=10, random_state=None, shuffle=False), n_jobs=-1
2026-04-23 10:59:00,984:INFO:Calculating mean and std
2026-04-23 10:59:00,984:INFO:Creating metrics dataframe
2026-04-23 10:59:00,986:INFO:Uploading results into container
2026-04-23 10:59:00,987:INFO:Uploading model into container now
2026-04-23 10:59:00,987:INFO:_master_model_container: 5
2026-04-23 10:59:00,987:INFO:_display_container: 2
2026-04-23 10:59:00,987:INFO:Lars(random_state=1)
2026-04-23 10:59:00,987:INFO:create_model() successfully completed......................................
2026-04-23 10:59:01,036:INFO:SubProcess create_model() end ==================================
2026-04-23 10:59:01,036:INFO:Creating metrics dataframe
2026-04-23 10:59:01,036:INFO:Initializing Lasso Least Angle Regression
2026-04-23 10:59:01,036:INFO:Total runtime is 0.10143266916275025 minutes
2026-04-23 10:59:01,036:INFO:SubProcess create_model() called ==================================
2026-04-23 10:59:01,036:INFO:Initializing create_model()
2026-04-23 10:59:01,049:INFO:create_model(self=<pycaret.regression.oop.RegressionExperiment object at 0x00000266B68BE8F0>, estimator=llar, fold=KFold(n_splits=10, random_state=None, shuffle=False), round=4, cross_validation=True, predict=True, fit_kwargs={}, groups=None, refit=False, probability_threshold=None, experiment_custom_tags=None, verbose=False, system=False, add_to_model_list=True, metrics=None, display=<pycaret.internal.display.display.CommonDisplay object at 0x00000266B459CFD0>, model_only=True, return_train_score=False, error_score=0.0, kwargs={})
2026-04-23 10:59:01,049:INFO:Checking exceptions
2026-04-23 10:59:01,049:INFO:Importing libraries
2026-04-23 10:59:01,049:INFO:Copying training dataset
2026-04-23 10:59:01,049:INFO:Defining folds
2026-04-23 10:59:01,049:INFO:Declaring metric variables
2026-04-23 10:59:01,049:INFO:Importing untrained model
2026-04-23 10:59:01,049:INFO:Lasso Least Angle Regression Imported successfully
2026-04-23 10:59:01,049:INFO:Starting cross validation
2026-04-23 10:59:01,049:INFO:Cross validating with KFold(n_splits=10, random_state=None, shuffle=False), n_jobs=-1
2026-04-23 10:59:01,095:INFO:Calculating mean and std
2026-04-23 10:59:01,095:INFO:Creating metrics dataframe
2026-04-23 10:59:01,095:INFO:Uploading results into container
2026-04-23 10:59:01,099:INFO:Uploading model into container now
2026-04-23 10:59:01,099:INFO:_master_model_container: 6
2026-04-23 10:59:01,099:INFO:_display_container: 2
2026-04-23 10:59:01,099:INFO:LassoLars(random_state=1)
2026-04-23 10:59:01,099:INFO:create_model() successfully completed......................................
2026-04-23 10:59:01,140:INFO:SubProcess create_model() end ==================================
2026-04-23 10:59:01,140:INFO:Creating metrics dataframe
2026-04-23 10:59:01,140:INFO:Initializing Orthogonal Matching Pursuit
2026-04-23 10:59:01,140:INFO:Total runtime is 0.10315813223520914 minutes
2026-04-23 10:59:01,140:INFO:SubProcess create_model() called ==================================
2026-04-23 10:59:01,140:INFO:Initializing create_model()
2026-04-23 10:59:01,140:INFO:create_model(self=<pycaret.regression.oop.RegressionExperiment object at 0x00000266B68BE8F0>, estimator=omp, fold=KFold(n_splits=10, random_state=None, shuffle=False), round=4, cross_validation=True, predict=True, fit_kwargs={}, groups=None, refit=False, probability_threshold=None, experiment_custom_tags=None, verbose=False, system=False, add_to_model_list=True, metrics=None, display=<pycaret.internal.display.display.CommonDisplay object at 0x00000266B459CFD0>, model_only=True, return_train_score=False, error_score=0.0, kwargs={})
2026-04-23 10:59:01,140:INFO:Checking exceptions
2026-04-23 10:59:01,140:INFO:Importing libraries
2026-04-23 10:59:01,140:INFO:Copying training dataset
2026-04-23 10:59:01,140:INFO:Defining folds
2026-04-23 10:59:01,140:INFO:Declaring metric variables
2026-04-23 10:59:01,140:INFO:Importing untrained model
2026-04-23 10:59:01,156:INFO:Orthogonal Matching Pursuit Imported successfully
2026-04-23 10:59:01,156:INFO:Starting cross validation
2026-04-23 10:59:01,156:INFO:Cross validating with KFold(n_splits=10, random_state=None, shuffle=False), n_jobs=-1
2026-04-23 10:59:01,195:INFO:Calculating mean and std
2026-04-23 10:59:01,195:INFO:Creating metrics dataframe
2026-04-23 10:59:01,195:INFO:Uploading results into container
2026-04-23 10:59:01,195:INFO:Uploading model into container now
2026-04-23 10:59:01,195:INFO:_master_model_container: 7
2026-04-23 10:59:01,195:INFO:_display_container: 2
2026-04-23 10:59:01,195:INFO:OrthogonalMatchingPursuit()
2026-04-23 10:59:01,195:INFO:create_model() successfully completed......................................
2026-04-23 10:59:01,242:INFO:SubProcess create_model() end ==================================
2026-04-23 10:59:01,242:INFO:Creating metrics dataframe
2026-04-23 10:59:01,242:INFO:Initializing Bayesian Ridge
2026-04-23 10:59:01,242:INFO:Total runtime is 0.10485586722691853 minutes
2026-04-23 10:59:01,242:INFO:SubProcess create_model() called ==================================
2026-04-23 10:59:01,242:INFO:Initializing create_model()
2026-04-23 10:59:01,242:INFO:create_model(self=<pycaret.regression.oop.RegressionExperiment object at 0x00000266B68BE8F0>, estimator=br, fold=KFold(n_splits=10, random_state=None, shuffle=False), round=4, cross_validation=True, predict=True, fit_kwargs={}, groups=None, refit=False, probability_threshold=None, experiment_custom_tags=None, verbose=False, system=False, add_to_model_list=True, metrics=None, display=<pycaret.internal.display.display.CommonDisplay object at 0x00000266B459CFD0>, model_only=True, return_train_score=False, error_score=0.0, kwargs={})
2026-04-23 10:59:01,242:INFO:Checking exceptions
2026-04-23 10:59:01,242:INFO:Importing libraries
2026-04-23 10:59:01,242:INFO:Copying training dataset
2026-04-23 10:59:01,242:INFO:Defining folds
2026-04-23 10:59:01,242:INFO:Declaring metric variables
2026-04-23 10:59:01,256:INFO:Importing untrained model
2026-04-23 10:59:01,259:INFO:Bayesian Ridge Imported successfully
2026-04-23 10:59:01,264:INFO:Starting cross validation
2026-04-23 10:59:01,264:INFO:Cross validating with KFold(n_splits=10, random_state=None, shuffle=False), n_jobs=-1
2026-04-23 10:59:01,313:INFO:Calculating mean and std
2026-04-23 10:59:01,313:INFO:Creating metrics dataframe
2026-04-23 10:59:01,314:INFO:Uploading results into container
2026-04-23 10:59:01,314:INFO:Uploading model into container now
2026-04-23 10:59:01,314:INFO:_master_model_container: 8
2026-04-23 10:59:01,314:INFO:_display_container: 2
2026-04-23 10:59:01,314:INFO:BayesianRidge()
2026-04-23 10:59:01,314:INFO:create_model() successfully completed......................................
2026-04-23 10:59:01,354:INFO:SubProcess create_model() end ==================================
2026-04-23 10:59:01,354:INFO:Creating metrics dataframe
2026-04-23 10:59:01,360:INFO:Initializing Passive Aggressive Regressor
2026-04-23 10:59:01,360:INFO:Total runtime is 0.10683148304621377 minutes
2026-04-23 10:59:01,360:INFO:SubProcess create_model() called ==================================
2026-04-23 10:59:01,360:INFO:Initializing create_model()
2026-04-23 10:59:01,360:INFO:create_model(self=<pycaret.regression.oop.RegressionExperiment object at 0x00000266B68BE8F0>, estimator=par, fold=KFold(n_splits=10, random_state=None, shuffle=False), round=4, cross_validation=True, predict=True, fit_kwargs={}, groups=None, refit=False, probability_threshold=None, experiment_custom_tags=None, verbose=False, system=False, add_to_model_list=True, metrics=None, display=<pycaret.internal.display.display.CommonDisplay object at 0x00000266B459CFD0>, model_only=True, return_train_score=False, error_score=0.0, kwargs={})
2026-04-23 10:59:01,360:INFO:Checking exceptions
2026-04-23 10:59:01,360:INFO:Importing libraries
2026-04-23 10:59:01,360:INFO:Copying training dataset
2026-04-23 10:59:01,360:INFO:Defining folds
2026-04-23 10:59:01,360:INFO:Declaring metric variables
2026-04-23 10:59:01,371:INFO:Importing untrained model
2026-04-23 10:59:01,371:INFO:Passive Aggressive Regressor Imported successfully
2026-04-23 10:59:01,377:INFO:Starting cross validation
2026-04-23 10:59:01,378:INFO:Cross validating with KFold(n_splits=10, random_state=None, shuffle=False), n_jobs=-1
2026-04-23 10:59:01,413:INFO:Calculating mean and std
2026-04-23 10:59:01,413:INFO:Creating metrics dataframe
2026-04-23 10:59:01,413:INFO:Uploading results into container
2026-04-23 10:59:01,413:INFO:Uploading model into container now
2026-04-23 10:59:01,413:INFO:_master_model_container: 9
2026-04-23 10:59:01,413:INFO:_display_container: 2
2026-04-23 10:59:01,413:INFO:PassiveAggressiveRegressor(random_state=1)
2026-04-23 10:59:01,413:INFO:create_model() successfully completed......................................
2026-04-23 10:59:01,446:INFO:SubProcess create_model() end ==================================
2026-04-23 10:59:01,446:INFO:Creating metrics dataframe
2026-04-23 10:59:01,463:INFO:Initializing Huber Regressor
2026-04-23 10:59:01,463:INFO:Total runtime is 0.10854012568791706 minutes
2026-04-23 10:59:01,463:INFO:SubProcess create_model() called ==================================
2026-04-23 10:59:01,463:INFO:Initializing create_model()
2026-04-23 10:59:01,463:INFO:create_model(self=<pycaret.regression.oop.RegressionExperiment object at 0x00000266B68BE8F0>, estimator=huber, fold=KFold(n_splits=10, random_state=None, shuffle=False), round=4, cross_validation=True, predict=True, fit_kwargs={}, groups=None, refit=False, probability_threshold=None, experiment_custom_tags=None, verbose=False, system=False, add_to_model_list=True, metrics=None, display=<pycaret.internal.display.display.CommonDisplay object at 0x00000266B459CFD0>, model_only=True, return_train_score=False, error_score=0.0, kwargs={})
2026-04-23 10:59:01,463:INFO:Checking exceptions
2026-04-23 10:59:01,463:INFO:Importing libraries
2026-04-23 10:59:01,463:INFO:Copying training dataset
2026-04-23 10:59:01,463:INFO:Defining folds
2026-04-23 10:59:01,463:INFO:Declaring metric variables
2026-04-23 10:59:01,473:INFO:Importing untrained model
2026-04-23 10:59:01,476:INFO:Huber Regressor Imported successfully
2026-04-23 10:59:01,479:INFO:Starting cross validation
2026-04-23 10:59:01,480:INFO:Cross validating with KFold(n_splits=10, random_state=None, shuffle=False), n_jobs=-1
2026-04-23 10:59:01,534:WARNING:c:\Users\Claudio\AppData\Local\Programs\Python\Python310\lib\site-packages\sklearn\linear_model\_huber.py:342: ConvergenceWarning: lbfgs failed to converge (status=1):
STOP: TOTAL NO. of ITERATIONS REACHED LIMIT.

Increase the number of iterations (max_iter) or scale the data as shown in:
    https://scikit-learn.org/stable/modules/preprocessing.html
  self.n_iter_ = _check_optimize_result("lbfgs", opt_res, self.max_iter)

2026-04-23 10:59:01,565:INFO:Calculating mean and std
2026-04-23 10:59:01,565:INFO:Creating metrics dataframe
2026-04-23 10:59:01,565:INFO:Uploading results into container
2026-04-23 10:59:01,565:INFO:Uploading model into container now
2026-04-23 10:59:01,565:INFO:_master_model_container: 10
2026-04-23 10:59:01,565:INFO:_display_container: 2
2026-04-23 10:59:01,565:INFO:HuberRegressor()
2026-04-23 10:59:01,565:INFO:create_model() successfully completed......................................
2026-04-23 10:59:01,616:INFO:SubProcess create_model() end ==================================
2026-04-23 10:59:01,616:INFO:Creating metrics dataframe
2026-04-23 10:59:01,616:INFO:Initializing K Neighbors Regressor
2026-04-23 10:59:01,616:INFO:Total runtime is 0.11110248963038125 minutes
2026-04-23 10:59:01,627:INFO:SubProcess create_model() called ==================================
2026-04-23 10:59:01,627:INFO:Initializing create_model()
2026-04-23 10:59:01,627:INFO:create_model(self=<pycaret.regression.oop.RegressionExperiment object at 0x00000266B68BE8F0>, estimator=knn, fold=KFold(n_splits=10, random_state=None, shuffle=False), round=4, cross_validation=True, predict=True, fit_kwargs={}, groups=None, refit=False, probability_threshold=None, experiment_custom_tags=None, verbose=False, system=False, add_to_model_list=True, metrics=None, display=<pycaret.internal.display.display.CommonDisplay object at 0x00000266B459CFD0>, model_only=True, return_train_score=False, error_score=0.0, kwargs={})
2026-04-23 10:59:01,627:INFO:Checking exceptions
2026-04-23 10:59:01,627:INFO:Importing libraries
2026-04-23 10:59:01,627:INFO:Copying training dataset
2026-04-23 10:59:01,627:INFO:Defining folds
2026-04-23 10:59:01,627:INFO:Declaring metric variables
2026-04-23 10:59:01,627:INFO:Importing untrained model
2026-04-23 10:59:01,634:INFO:K Neighbors Regressor Imported successfully
2026-04-23 10:59:01,640:INFO:Starting cross validation
2026-04-23 10:59:01,640:INFO:Cross validating with KFold(n_splits=10, random_state=None, shuffle=False), n_jobs=-1
2026-04-23 10:59:01,708:INFO:Calculating mean and std
2026-04-23 10:59:01,708:INFO:Creating metrics dataframe
2026-04-23 10:59:01,708:INFO:Uploading results into container
2026-04-23 10:59:01,708:INFO:Uploading model into container now
2026-04-23 10:59:01,708:INFO:_master_model_container: 11
2026-04-23 10:59:01,708:INFO:_display_container: 2
2026-04-23 10:59:01,708:INFO:KNeighborsRegressor(n_jobs=-1)
2026-04-23 10:59:01,708:INFO:create_model() successfully completed......................................
2026-04-23 10:59:01,750:INFO:SubProcess create_model() end ==================================
2026-04-23 10:59:01,750:INFO:Creating metrics dataframe
2026-04-23 10:59:01,759:INFO:Initializing Decision Tree Regressor
2026-04-23 10:59:01,759:INFO:Total runtime is 0.11347275972366332 minutes
2026-04-23 10:59:01,759:INFO:SubProcess create_model() called ==================================
2026-04-23 10:59:01,759:INFO:Initializing create_model()
2026-04-23 10:59:01,759:INFO:create_model(self=<pycaret.regression.oop.RegressionExperiment object at 0x00000266B68BE8F0>, estimator=dt, fold=KFold(n_splits=10, random_state=None, shuffle=False), round=4, cross_validation=True, predict=True, fit_kwargs={}, groups=None, refit=False, probability_threshold=None, experiment_custom_tags=None, verbose=False, system=False, add_to_model_list=True, metrics=None, display=<pycaret.internal.display.display.CommonDisplay object at 0x00000266B459CFD0>, model_only=True, return_train_score=False, error_score=0.0, kwargs={})
2026-04-23 10:59:01,759:INFO:Checking exceptions
2026-04-23 10:59:01,759:INFO:Importing libraries
2026-04-23 10:59:01,759:INFO:Copying training dataset
2026-04-23 10:59:01,759:INFO:Defining folds
2026-04-23 10:59:01,759:INFO:Declaring metric variables
2026-04-23 10:59:01,767:INFO:Importing untrained model
2026-04-23 10:59:01,768:INFO:Decision Tree Regressor Imported successfully
2026-04-23 10:59:01,771:INFO:Starting cross validation
2026-04-23 10:59:01,771:INFO:Cross validating with KFold(n_splits=10, random_state=None, shuffle=False), n_jobs=-1
2026-04-23 10:59:01,842:INFO:Calculating mean and std
2026-04-23 10:59:01,842:INFO:Creating metrics dataframe
2026-04-23 10:59:01,842:INFO:Uploading results into container
2026-04-23 10:59:01,842:INFO:Uploading model into container now
2026-04-23 10:59:01,842:INFO:_master_model_container: 12
2026-04-23 10:59:01,842:INFO:_display_container: 2
2026-04-23 10:59:01,842:INFO:DecisionTreeRegressor(random_state=1)
2026-04-23 10:59:01,842:INFO:create_model() successfully completed......................................
2026-04-23 10:59:01,890:INFO:SubProcess create_model() end ==================================
2026-04-23 10:59:01,890:INFO:Creating metrics dataframe
2026-04-23 10:59:01,896:INFO:Initializing Random Forest Regressor
2026-04-23 10:59:01,896:INFO:Total runtime is 0.11576257944107055 minutes
2026-04-23 10:59:01,900:INFO:SubProcess create_model() called ==================================
2026-04-23 10:59:01,900:INFO:Initializing create_model()
2026-04-23 10:59:01,900:INFO:create_model(self=<pycaret.regression.oop.RegressionExperiment object at 0x00000266B68BE8F0>, estimator=rf, fold=KFold(n_splits=10, random_state=None, shuffle=False), round=4, cross_validation=True, predict=True, fit_kwargs={}, groups=None, refit=False, probability_threshold=None, experiment_custom_tags=None, verbose=False, system=False, add_to_model_list=True, metrics=None, display=<pycaret.internal.display.display.CommonDisplay object at 0x00000266B459CFD0>, model_only=True, return_train_score=False, error_score=0.0, kwargs={})
2026-04-23 10:59:01,900:INFO:Checking exceptions
2026-04-23 10:59:01,900:INFO:Importing libraries
2026-04-23 10:59:01,900:INFO:Copying training dataset
2026-04-23 10:59:01,900:INFO:Defining folds
2026-04-23 10:59:01,900:INFO:Declaring metric variables
2026-04-23 10:59:01,905:INFO:Importing untrained model
2026-04-23 10:59:01,910:INFO:Random Forest Regressor Imported successfully
2026-04-23 10:59:01,914:INFO:Starting cross validation
2026-04-23 10:59:01,914:INFO:Cross validating with KFold(n_splits=10, random_state=None, shuffle=False), n_jobs=-1
2026-04-23 10:59:02,897:INFO:Calculating mean and std
2026-04-23 10:59:02,897:INFO:Creating metrics dataframe
2026-04-23 10:59:02,897:INFO:Uploading results into container
2026-04-23 10:59:02,897:INFO:Uploading model into container now
2026-04-23 10:59:02,897:INFO:_master_model_container: 13
2026-04-23 10:59:02,897:INFO:_display_container: 2
2026-04-23 10:59:02,897:INFO:RandomForestRegressor(n_jobs=-1, random_state=1)
2026-04-23 10:59:02,897:INFO:create_model() successfully completed......................................
2026-04-23 10:59:02,947:INFO:SubProcess create_model() end ==================================
2026-04-23 10:59:02,947:INFO:Creating metrics dataframe
2026-04-23 10:59:02,955:INFO:Initializing Extra Trees Regressor
2026-04-23 10:59:02,955:INFO:Total runtime is 0.13341743946075438 minutes
2026-04-23 10:59:02,957:INFO:SubProcess create_model() called ==================================
2026-04-23 10:59:02,957:INFO:Initializing create_model()
2026-04-23 10:59:02,957:INFO:create_model(self=<pycaret.regression.oop.RegressionExperiment object at 0x00000266B68BE8F0>, estimator=et, fold=KFold(n_splits=10, random_state=None, shuffle=False), round=4, cross_validation=True, predict=True, fit_kwargs={}, groups=None, refit=False, probability_threshold=None, experiment_custom_tags=None, verbose=False, system=False, add_to_model_list=True, metrics=None, display=<pycaret.internal.display.display.CommonDisplay object at 0x00000266B459CFD0>, model_only=True, return_train_score=False, error_score=0.0, kwargs={})
2026-04-23 10:59:02,957:INFO:Checking exceptions
2026-04-23 10:59:02,957:INFO:Importing libraries
2026-04-23 10:59:02,957:INFO:Copying training dataset
2026-04-23 10:59:02,958:INFO:Defining folds
2026-04-23 10:59:02,958:INFO:Declaring metric variables
2026-04-23 10:59:02,958:INFO:Importing untrained model
2026-04-23 10:59:02,962:INFO:Extra Trees Regressor Imported successfully
2026-04-23 10:59:02,962:INFO:Starting cross validation
2026-04-23 10:59:02,962:INFO:Cross validating with KFold(n_splits=10, random_state=None, shuffle=False), n_jobs=-1
2026-04-23 10:59:03,599:INFO:Calculating mean and std
2026-04-23 10:59:03,599:INFO:Creating metrics dataframe
2026-04-23 10:59:03,601:INFO:Uploading results into container
2026-04-23 10:59:03,602:INFO:Uploading model into container now
2026-04-23 10:59:03,602:INFO:_master_model_container: 14
2026-04-23 10:59:03,602:INFO:_display_container: 2
2026-04-23 10:59:03,602:INFO:ExtraTreesRegressor(n_jobs=-1, random_state=1)
2026-04-23 10:59:03,602:INFO:create_model() successfully completed......................................
2026-04-23 10:59:03,651:INFO:SubProcess create_model() end ==================================
2026-04-23 10:59:03,651:INFO:Creating metrics dataframe
2026-04-23 10:59:03,659:INFO:Initializing AdaBoost Regressor
2026-04-23 10:59:03,659:INFO:Total runtime is 0.14514122804005938 minutes
2026-04-23 10:59:03,659:INFO:SubProcess create_model() called ==================================
2026-04-23 10:59:03,659:INFO:Initializing create_model()
2026-04-23 10:59:03,659:INFO:create_model(self=<pycaret.regression.oop.RegressionExperiment object at 0x00000266B68BE8F0>, estimator=ada, fold=KFold(n_splits=10, random_state=None, shuffle=False), round=4, cross_validation=True, predict=True, fit_kwargs={}, groups=None, refit=False, probability_threshold=None, experiment_custom_tags=None, verbose=False, system=False, add_to_model_list=True, metrics=None, display=<pycaret.internal.display.display.CommonDisplay object at 0x00000266B459CFD0>, model_only=True, return_train_score=False, error_score=0.0, kwargs={})
2026-04-23 10:59:03,662:INFO:Checking exceptions
2026-04-23 10:59:03,662:INFO:Importing libraries
2026-04-23 10:59:03,662:INFO:Copying training dataset
2026-04-23 10:59:03,665:INFO:Defining folds
2026-04-23 10:59:03,665:INFO:Declaring metric variables
2026-04-23 10:59:03,666:INFO:Importing untrained model
2026-04-23 10:59:03,667:INFO:AdaBoost Regressor Imported successfully
2026-04-23 10:59:03,672:INFO:Starting cross validation
2026-04-23 10:59:03,673:INFO:Cross validating with KFold(n_splits=10, random_state=None, shuffle=False), n_jobs=-1
2026-04-23 10:59:03,951:INFO:Calculating mean and std
2026-04-23 10:59:03,951:INFO:Creating metrics dataframe
2026-04-23 10:59:03,951:INFO:Uploading results into container
2026-04-23 10:59:03,951:INFO:Uploading model into container now
2026-04-23 10:59:03,951:INFO:_master_model_container: 15
2026-04-23 10:59:03,951:INFO:_display_container: 2
2026-04-23 10:59:03,951:INFO:AdaBoostRegressor(random_state=1)
2026-04-23 10:59:03,951:INFO:create_model() successfully completed......................................
2026-04-23 10:59:04,001:INFO:SubProcess create_model() end ==================================
2026-04-23 10:59:04,001:INFO:Creating metrics dataframe
2026-04-23 10:59:04,010:INFO:Initializing Gradient Boosting Regressor
2026-04-23 10:59:04,011:INFO:Total runtime is 0.15101699034372962 minutes
2026-04-23 10:59:04,013:INFO:SubProcess create_model() called ==================================
2026-04-23 10:59:04,014:INFO:Initializing create_model()
2026-04-23 10:59:04,014:INFO:create_model(self=<pycaret.regression.oop.RegressionExperiment object at 0x00000266B68BE8F0>, estimator=gbr, fold=KFold(n_splits=10, random_state=None, shuffle=False), round=4, cross_validation=True, predict=True, fit_kwargs={}, groups=None, refit=False, probability_threshold=None, experiment_custom_tags=None, verbose=False, system=False, add_to_model_list=True, metrics=None, display=<pycaret.internal.display.display.CommonDisplay object at 0x00000266B459CFD0>, model_only=True, return_train_score=False, error_score=0.0, kwargs={})
2026-04-23 10:59:04,014:INFO:Checking exceptions
2026-04-23 10:59:04,014:INFO:Importing libraries
2026-04-23 10:59:04,014:INFO:Copying training dataset
2026-04-23 10:59:04,016:INFO:Defining folds
2026-04-23 10:59:04,016:INFO:Declaring metric variables
2026-04-23 10:59:04,016:INFO:Importing untrained model
2026-04-23 10:59:04,016:INFO:Gradient Boosting Regressor Imported successfully
2026-04-23 10:59:04,016:INFO:Starting cross validation
2026-04-23 10:59:04,016:INFO:Cross validating with KFold(n_splits=10, random_state=None, shuffle=False), n_jobs=-1
2026-04-23 10:59:04,574:INFO:Calculating mean and std
2026-04-23 10:59:04,574:INFO:Creating metrics dataframe
2026-04-23 10:59:04,574:INFO:Uploading results into container
2026-04-23 10:59:04,574:INFO:Uploading model into container now
2026-04-23 10:59:04,574:INFO:_master_model_container: 16
2026-04-23 10:59:04,574:INFO:_display_container: 2
2026-04-23 10:59:04,574:INFO:GradientBoostingRegressor(random_state=1)
2026-04-23 10:59:04,574:INFO:create_model() successfully completed......................................
2026-04-23 10:59:04,621:INFO:SubProcess create_model() end ==================================
2026-04-23 10:59:04,621:INFO:Creating metrics dataframe
2026-04-23 10:59:04,623:INFO:Initializing Light Gradient Boosting Machine
2026-04-23 10:59:04,623:INFO:Total runtime is 0.16120635668436684 minutes
2026-04-23 10:59:04,630:INFO:SubProcess create_model() called ==================================
2026-04-23 10:59:04,630:INFO:Initializing create_model()
2026-04-23 10:59:04,630:INFO:create_model(self=<pycaret.regression.oop.RegressionExperiment object at 0x00000266B68BE8F0>, estimator=lightgbm, fold=KFold(n_splits=10, random_state=None, shuffle=False), round=4, cross_validation=True, predict=True, fit_kwargs={}, groups=None, refit=False, probability_threshold=None, experiment_custom_tags=None, verbose=False, system=False, add_to_model_list=True, metrics=None, display=<pycaret.internal.display.display.CommonDisplay object at 0x00000266B459CFD0>, model_only=True, return_train_score=False, error_score=0.0, kwargs={})
2026-04-23 10:59:04,630:INFO:Checking exceptions
2026-04-23 10:59:04,630:INFO:Importing libraries
2026-04-23 10:59:04,630:INFO:Copying training dataset
2026-04-23 10:59:04,632:INFO:Defining folds
2026-04-23 10:59:04,632:INFO:Declaring metric variables
2026-04-23 10:59:04,632:INFO:Importing untrained model
2026-04-23 10:59:04,632:INFO:Light Gradient Boosting Machine Imported successfully
2026-04-23 10:59:04,640:INFO:Starting cross validation
2026-04-23 10:59:04,641:INFO:Cross validating with KFold(n_splits=10, random_state=None, shuffle=False), n_jobs=-1
2026-04-23 10:59:05,578:INFO:Calculating mean and std
2026-04-23 10:59:05,578:INFO:Creating metrics dataframe
2026-04-23 10:59:05,580:INFO:Uploading results into container
2026-04-23 10:59:05,580:INFO:Uploading model into container now
2026-04-23 10:59:05,582:INFO:_master_model_container: 17
2026-04-23 10:59:05,582:INFO:_display_container: 2
2026-04-23 10:59:05,582:INFO:LGBMRegressor(n_jobs=-1, random_state=1)
2026-04-23 10:59:05,583:INFO:create_model() successfully completed......................................
2026-04-23 10:59:05,629:INFO:SubProcess create_model() end ==================================
2026-04-23 10:59:05,629:INFO:Creating metrics dataframe
2026-04-23 10:59:05,637:INFO:Initializing Dummy Regressor
2026-04-23 10:59:05,637:INFO:Total runtime is 0.1781067609786987 minutes
2026-04-23 10:59:05,640:INFO:SubProcess create_model() called ==================================
2026-04-23 10:59:05,640:INFO:Initializing create_model()
2026-04-23 10:59:05,640:INFO:create_model(self=<pycaret.regression.oop.RegressionExperiment object at 0x00000266B68BE8F0>, estimator=dummy, fold=KFold(n_splits=10, random_state=None, shuffle=False), round=4, cross_validation=True, predict=True, fit_kwargs={}, groups=None, refit=False, probability_threshold=None, experiment_custom_tags=None, verbose=False, system=False, add_to_model_list=True, metrics=None, display=<pycaret.internal.display.display.CommonDisplay object at 0x00000266B459CFD0>, model_only=True, return_train_score=False, error_score=0.0, kwargs={})
2026-04-23 10:59:05,640:INFO:Checking exceptions
2026-04-23 10:59:05,640:INFO:Importing libraries
2026-04-23 10:59:05,640:INFO:Copying training dataset
2026-04-23 10:59:05,644:INFO:Defining folds
2026-04-23 10:59:05,644:INFO:Declaring metric variables
2026-04-23 10:59:05,646:INFO:Importing untrained model
2026-04-23 10:59:05,648:INFO:Dummy Regressor Imported successfully
2026-04-23 10:59:05,650:INFO:Starting cross validation
2026-04-23 10:59:05,652:INFO:Cross validating with KFold(n_splits=10, random_state=None, shuffle=False), n_jobs=-1
2026-04-23 10:59:05,690:INFO:Calculating mean and std
2026-04-23 10:59:05,691:INFO:Creating metrics dataframe
2026-04-23 10:59:05,693:INFO:Uploading results into container
2026-04-23 10:59:05,694:INFO:Uploading model into container now
2026-04-23 10:59:05,694:INFO:_master_model_container: 18
2026-04-23 10:59:05,694:INFO:_display_container: 2
2026-04-23 10:59:05,694:INFO:DummyRegressor()
2026-04-23 10:59:05,694:INFO:create_model() successfully completed......................................
2026-04-23 10:59:05,734:INFO:SubProcess create_model() end ==================================
2026-04-23 10:59:05,734:INFO:Creating metrics dataframe
2026-04-23 10:59:05,737:INFO:Initializing create_model()
2026-04-23 10:59:05,737:INFO:create_model(self=<pycaret.regression.oop.RegressionExperiment object at 0x00000266B68BE8F0>, estimator=ExtraTreesRegressor(n_jobs=-1, random_state=1), fold=KFold(n_splits=10, random_state=None, shuffle=False), round=4, cross_validation=False, predict=False, fit_kwargs={}, groups=None, refit=True, probability_threshold=None, experiment_custom_tags=None, verbose=False, system=False, add_to_model_list=True, metrics=None, display=None, model_only=True, return_train_score=False, error_score=0.0, kwargs={})
2026-04-23 10:59:05,737:INFO:Checking exceptions
2026-04-23 10:59:05,737:INFO:Importing libraries
2026-04-23 10:59:05,737:INFO:Copying training dataset
2026-04-23 10:59:05,737:INFO:Defining folds
2026-04-23 10:59:05,737:INFO:Declaring metric variables
2026-04-23 10:59:05,737:INFO:Importing untrained model
2026-04-23 10:59:05,737:INFO:Declaring custom model
2026-04-23 10:59:05,737:INFO:Extra Trees Regressor Imported successfully
2026-04-23 10:59:05,737:INFO:Cross validation set to False
2026-04-23 10:59:05,737:INFO:Fitting Model
2026-04-23 10:59:05,862:INFO:ExtraTreesRegressor(n_jobs=-1, random_state=1)
2026-04-23 10:59:05,862:INFO:create_model() successfully completed......................................
2026-04-23 10:59:05,920:INFO:_master_model_container: 18
2026-04-23 10:59:05,920:INFO:_display_container: 2
2026-04-23 10:59:05,921:INFO:ExtraTreesRegressor(n_jobs=-1, random_state=1)
2026-04-23 10:59:05,921:INFO:compare_models() successfully completed......................................
